2026-02-27 00:15:10,283 [INFO] WebApp:194 - Connection lost
2026-02-27 00:15:10,462 [INFO] WebApp:191 - Connection restablished
2026-02-27 00:31:12,352 [INFO] WebApp:194 - Connection lost
2026-02-27 00:31:13,098 [INFO] WebApp:191 - Connection restablished
2026-02-27 00:47:46,324 [INFO] WebApp:194 - Connection lost
2026-02-27 00:47:46,618 [INFO] WebApp:191 - Connection restablished
2026-02-27 00:59:23,285 [INFO] WebApp:194 - Connection lost
2026-02-27 00:59:24,037 [INFO] WebApp:191 - Connection restablished
2026-02-27 01:16:19,325 [INFO] WebApp:194 - Connection lost
2026-02-27 01:16:20,205 [INFO] WebApp:191 - Connection restablished
2026-02-27 01:32:07,313 [INFO] WebApp:194 - Connection lost
2026-02-27 01:32:09,853 [INFO] WebApp:191 - Connection restablished
2026-02-27 01:49:41,330 [INFO] WebApp:194 - Connection lost
2026-02-27 01:49:43,016 [INFO] WebApp:191 - Connection restablished
2026-02-27 02:00:23,244 [INFO] WebApp:194 - Connection lost
2026-02-27 02:00:23,833 [INFO] WebApp:191 - Connection restablished
2026-02-27 02:17:58,332 [INFO] WebApp:194 - Connection lost
2026-02-27 02:17:58,575 [INFO] WebApp:191 - Connection restablished
2026-02-27 02:33:45,399 [INFO] WebApp:194 - Connection lost
2026-02-27 02:33:45,609 [INFO] WebApp:191 - Connection restablished
2026-02-27 02:51:37,310 [INFO] WebApp:194 - Connection lost
2026-02-27 02:51:37,764 [INFO] WebApp:191 - Connection restablished
2026-02-27 03:07:05,410 [INFO] WebApp:194 - Connection lost
2026-02-27 03:07:05,807 [INFO] WebApp:191 - Connection restablished
2026-02-27 03:24:49,279 [INFO] WebApp:194 - Connection lost
2026-02-27 03:24:49,906 [INFO] WebApp:191 - Connection restablished
2026-02-27 03:41:50,313 [INFO] WebApp:194 - Connection lost
2026-02-27 03:41:51,694 [INFO] WebApp:191 - Connection restablished
2026-02-27 03:56:54,244 [INFO] WebApp:194 - Connection lost
2026-02-27 03:56:57,393 [INFO] WebApp:191 - Connection restablished
2026-02-27 04:13:41,258 [INFO] WebApp:194 - Connection lost
2026-02-27 04:13:41,473 [INFO] WebApp:191 - Connection restablished
2026-02-27 04:30:47,187 [INFO] WebApp:194 - Connection lost
2026-02-27 04:30:47,568 [INFO] WebApp:191 - Connection restablished
2026-02-27 04:46:07,255 [INFO] WebApp:194 - Connection lost
2026-02-27 04:46:07,637 [INFO] WebApp:191 - Connection restablished
2026-02-27 05:02:23,226 [INFO] WebApp:194 - Connection lost
2026-02-27 05:02:23,592 [INFO] WebApp:191 - Connection restablished
2026-02-27 05:19:39,230 [INFO] WebApp:194 - Connection lost
2026-02-27 05:19:39,427 [INFO] WebApp:191 - Connection restablished
2026-02-27 05:37:16,278 [INFO] WebApp:194 - Connection lost
2026-02-27 05:37:16,978 [INFO] WebApp:191 - Connection restablished
2026-02-27 05:52:52,301 [INFO] WebApp:194 - Connection lost
2026-02-27 05:52:52,863 [INFO] WebApp:191 - Connection restablished
2026-02-27 06:01:00,297 [INFO] WebApp:194 - Connection lost
2026-02-27 06:01:02,273 [INFO] WebApp:191 - Connection restablished
2026-02-27 06:16:57,203 [INFO] WebApp:194 - Connection lost
2026-02-27 06:16:57,681 [INFO] WebApp:191 - Connection restablished
2026-02-27 06:33:26,360 [INFO] WebApp:194 - Connection lost
2026-02-27 06:33:28,202 [INFO] WebApp:191 - Connection restablished
2026-02-27 06:41:45,219 [INFO] WebApp:194 - Connection lost
2026-02-27 06:41:47,215 [INFO] WebApp:191 - Connection restablished
2026-02-27 06:57:12,223 [INFO] WebApp:194 - Connection lost
2026-02-27 06:57:13,985 [INFO] WebApp:191 - Connection restablished
2026-02-27 07:14:50,339 [INFO] WebApp:194 - Connection lost
2026-02-27 07:14:51,417 [INFO] WebApp:191 - Connection restablished
2026-02-27 07:30:08,410 [INFO] WebApp:194 - Connection lost
2026-02-27 07:30:08,867 [INFO] WebApp:191 - Connection restablished
2026-02-27 07:30:18,205 [INFO] WebApp:194 - Connection lost
2026-02-27 07:30:18,452 [INFO] WebApp:191 - Connection restablished
2026-02-27 07:30:26,232 [INFO] WebApp:194 - Connection lost
2026-02-27 07:30:26,507 [INFO] WebApp:191 - Connection restablished
2026-02-27 07:30:34,520 [INFO] WebApp:194 - Connection lost
2026-02-27 07:30:34,772 [INFO] WebApp:191 - Connection restablished
2026-02-27 07:30:38,132 [INFO] WebApp:194 - Connection lost
2026-02-27 07:30:39,496 [INFO] WebApp:191 - Connection restablished
2026-02-27 07:30:42,937 [INFO] WebApp:194 - Connection lost
2026-02-27 07:31:15,613 [INFO] WebApp:191 - Connection restablished
2026-02-27 07:31:17,420 [INFO] WebApp:194 - Connection lost
2026-02-27 07:58:37,525 [INFO] WebApp:191 - Connection restablished
2026-02-27 07:58:53,769 [INFO] WebApp:194 - Connection lost
2026-02-27 07:58:58,079 [INFO] WebApp:191 - Connection restablished
2026-02-27 07:59:24,589 [INFO] WebApp:194 - Connection lost
2026-02-27 07:59:28,956 [INFO] WebApp:191 - Connection restablished
2026-02-27 08:02:47,455 [INFO] WebApp:194 - Connection lost
2026-02-27 08:02:52,094 [INFO] WebApp:191 - Connection restablished
2026-02-27 08:03:35,275 [INFO] WebApp:194 - Connection lost
2026-02-27 08:03:39,724 [INFO] WebApp:191 - Connection restablished
2026-02-27 08:19:58,096 [INFO] UtilMem:75 - End SaveConfig() Used Memory: 798554080 Bytes (1073741824)
2026-02-27 08:19:59,580 [INFO] UtilMem:75 - End SaveConfig() Used Memory: 820574176 Bytes (1073741824)
2026-02-27 08:20:02,773 [INFO] UtilMem:75 - End SaveConfig() Used Memory: 726186032 Bytes (1073741824)
2026-02-27 08:20:03,312 [INFO] BlockDiagram:2775 - set Specific Code input for plugin: NVIC
2026-02-27 08:20:03,313 [INFO] BlockDiagram:2775 - set Specific Code input for plugin: USART
2026-02-27 08:20:03,313 [INFO] BlockDiagram:2775 - set Specific Code input for plugin: TIM1_8L4
2026-02-27 08:20:03,313 [INFO] BlockDiagram:2775 - set Specific Code input for plugin: SYS
2026-02-27 08:20:03,313 [INFO] BlockDiagram:2775 - set Specific Code input for plugin: GPIO
2026-02-27 08:20:03,314 [INFO] BlockDiagram:2775 - set Specific Code input for plugin: ADC
2026-02-27 08:20:03,314 [INFO] BlockDiagram:2775 - set Specific Code input for plugin: RCC
2026-02-27 08:20:03,314 [INFO] CodeGenerator:892 - code generatio: config db path: /Applications/STM32CubeIDE.app/Contents/Eclipse/plugins/com.st.stm32cube.common.mx_6.15.0.202507011659//db/
2026-02-27 08:20:03,446 [INFO] CodeEngine:265 - oldGeneratedFile, /Users/amanda/Documents/GitHub/Elektriska-gr/Labb6/MXTmpFiles/license.tmp_save
2026-02-27 08:20:03,739 [INFO] CodeEngine:289 - Generated code: /Users/amanda/Documents/GitHub/Elektriska-gr/Labb6/MXTmpFiles/license.tmp
2026-02-27 08:20:03,801 [INFO] CodeEngine:265 - oldGeneratedFile, /Users/amanda/Documents/GitHub/Elektriska-gr/Labb6/MXTmpFiles/gpio.tmp_save
2026-02-27 08:20:03,970 [INFO] CodeEngine:289 - Generated code: /Users/amanda/Documents/GitHub/Elektriska-gr/Labb6/MXTmpFiles/gpio.tmp
2026-02-27 08:20:04,164 [INFO] CodeEngine:265 - oldGeneratedFile, /Users/amanda/Documents/GitHub/Elektriska-gr/Labb6/Core/Src/stm32l4xx_it.c_save
2026-02-27 08:20:04,350 [INFO] CodeEngine:289 - Generated code: /Users/amanda/Documents/GitHub/Elektriska-gr/Labb6/Core/Src/stm32l4xx_it.c
2026-02-27 08:20:04,352 [INFO] CodeEngine:265 - oldGeneratedFile, /Users/amanda/Documents/GitHub/Elektriska-gr/Labb6/Core/Inc/stm32l4xx_it.h_save
2026-02-27 08:20:04,432 [INFO] CodeEngine:289 - Generated code: /Users/amanda/Documents/GitHub/Elektriska-gr/Labb6/Core/Inc/stm32l4xx_it.h
2026-02-27 08:20:04,438 [INFO] CodeEngine:265 - oldGeneratedFile, /Users/amanda/Documents/GitHub/Elektriska-gr/Labb6/Core/Src/stm32l4xx_hal_msp.c_save
2026-02-27 08:20:04,606 [INFO] CodeEngine:289 - Generated code: /Users/amanda/Documents/GitHub/Elektriska-gr/Labb6/Core/Src/stm32l4xx_hal_msp.c
2026-02-27 08:20:04,608 [INFO] CodeEngine:265 - oldGeneratedFile, /Users/amanda/Documents/GitHub/Elektriska-gr/Labb6/MXTmpFiles/system.tmp_save
2026-02-27 08:20:04,682 [INFO] CodeEngine:289 - Generated code: /Users/amanda/Documents/GitHub/Elektriska-gr/Labb6/MXTmpFiles/system.tmp
2026-02-27 08:20:04,686 [INFO] CodeEngine:321 - oldGeneratedFile, /Users/amanda/Documents/GitHub/Elektriska-gr/Labb6/Core/Inc/stm32l4xx_hal_conf.h_save
2026-02-27 08:20:04,763 [INFO] CodeEngine:345 - Generated code: /Users/amanda/Documents/GitHub/Elektriska-gr/Labb6/Core/Inc/stm32l4xx_hal_conf.h
2026-02-27 08:20:04,787 [WARN] IPConfigManager:3811 - IP not found : TIM
2026-02-27 08:20:04,788 [WARN] CodeGenerator:4259 - IP not found : null
2026-02-27 08:20:04,791 [INFO] CodeEngine:265 - oldGeneratedFile, /Users/amanda/Documents/GitHub/Elektriska-gr/Labb6/Core/Inc/main.h_save
2026-02-27 08:20:04,893 [INFO] CodeEngine:289 - Generated code: /Users/amanda/Documents/GitHub/Elektriska-gr/Labb6/Core/Inc/main.h
2026-02-27 08:20:04,896 [INFO] CodeEngine:265 - oldGeneratedFile, /Users/amanda/Documents/GitHub/Elektriska-gr/Labb6/Core/Src/main.c_save
2026-02-27 08:20:05,036 [INFO] CodeEngine:289 - Generated code: /Users/amanda/Documents/GitHub/Elektriska-gr/Labb6/Core/Src/main.c
2026-02-27 08:20:05,591 [INFO] ProjectBuilder:3606 - Time for Copy HAL[1] : 71mS.
2026-02-27 08:20:05,612 [INFO] ProjectBuilder:5216 - Project Generator version: 4.7.0-B52
2026-02-27 08:20:05,816 [INFO] ConfigFileManager:1595 - The Die is : DIE435
2026-02-27 08:20:07,974 [INFO] ProjectBuilder:5496 - Time for Generating toolchain IDE Files: 2362mS.
2026-02-27 08:20:07,975 [INFO] ProjectBuilder:3463 - Time for Copy CMSIS : 0mS.
2026-02-27 08:20:07,975 [INFO] ProjectBuilder:3463 - Time for Copy CMSIS : 0mS.
2026-02-27 09:53:58,178 [INFO] WebApp:194 - Connection lost
2026-02-27 09:54:02,629 [INFO] WebApp:191 - Connection restablished
2026-02-27 09:54:21,566 [INFO] WebApp:194 - Connection lost
2026-02-27 09:54:25,993 [INFO] WebApp:191 - Connection restablished
2026-02-27 09:54:52,656 [INFO] WebApp:194 - Connection lost
2026-02-27 09:54:57,139 [INFO] WebApp:191 - Connection restablished
2026-02-27 09:55:14,592 [INFO] WebApp:194 - Connection lost
2026-02-27 09:55:19,066 [INFO] WebApp:191 - Connection restablished
2026-02-27 09:56:03,643 [INFO] WebApp:194 - Connection lost
2026-02-27 09:56:43,719 [INFO] WebApp:191 - Connection restablished
2026-02-27 09:57:51,591 [INFO] WebApp:194 - Connection lost
2026-02-27 09:57:56,533 [INFO] WebApp:191 - Connection restablished
2026-02-27 09:58:33,573 [INFO] WebApp:194 - Connection lost
2026-02-27 09:58:39,960 [INFO] WebApp:191 - Connection restablished
2026-02-27 10:00:19,598 [INFO] WebApp:194 - Connection lost
2026-02-27 10:00:24,865 [INFO] WebApp:191 - Connection restablished
2026-02-27 10:01:26,750 [INFO] WebApp:194 - Connection lost
2026-02-27 10:28:53,972 [INFO] WebApp:191 - Connection restablished
2026-02-27 10:28:58,870 [INFO] WebApp:194 - Connection lost
2026-02-27 10:28:59,366 [INFO] WebApp:191 - Connection restablished
2026-02-27 10:45:09,178 [INFO] WebApp:194 - Connection lost
2026-02-27 10:45:09,764 [INFO] WebApp:191 - Connection restablished
2026-02-27 10:52:59,595 [INFO] WebApp:194 - Connection lost
2026-02-27 10:52:59,852 [INFO] WebApp:191 - Connection restablished
2026-02-27 10:53:18,220 [INFO] WebApp:194 - Connection lost
2026-02-27 10:53:18,699 [INFO] WebApp:191 - Connection restablished
2026-02-27 10:53:36,562 [INFO] WebApp:194 - Connection lost
2026-02-27 10:53:36,820 [INFO] WebApp:191 - Connection restablished
2026-02-27 10:53:44,748 [INFO] WebApp:194 - Connection lost
2026-02-27 10:53:45,004 [INFO] WebApp:191 - Connection restablished
2026-02-27 11:09:27,282 [INFO] WebApp:194 - Connection lost
2026-02-27 11:09:27,547 [INFO] WebApp:191 - Connection restablished
2026-02-27 11:36:24,182 [INFO] WebApp:194 - Connection lost
2026-02-27 11:36:24,434 [INFO] WebApp:191 - Connection restablished
2026-02-27 11:48:20,224 [INFO] WebApp:194 - Connection lost
2026-02-27 11:48:20,506 [INFO] WebApp:191 - Connection restablished
2026-02-27 12:37:50,124 [INFO] WebApp:194 - Connection lost
2026-02-27 12:37:50,448 [INFO] WebApp:191 - Connection restablished
2026-02-27 12:49:21,125 [INFO] WebApp:194 - Connection lost
2026-02-27 12:49:21,546 [INFO] WebApp:191 - Connection restablished
2026-02-27 13:01:25,164 [INFO] WebApp:194 - Connection lost
2026-02-27 13:01:29,500 [INFO] WebApp:191 - Connection restablished
2026-02-27 13:18:30,096 [INFO] WebApp:194 - Connection lost
2026-02-27 13:18:30,716 [INFO] WebApp:191 - Connection restablished
2026-02-27 13:50:22,194 [INFO] WebApp:194 - Connection lost
2026-02-27 13:50:23,711 [INFO] WebApp:191 - Connection restablished
2026-02-27 14:07:46,221 [INFO] WebApp:194 - Connection lost
2026-02-27 14:07:46,506 [INFO] WebApp:191 - Connection restablished
2026-02-27 14:23:57,113 [INFO] WebApp:194 - Connection lost
2026-02-27 14:23:57,290 [INFO] WebApp:191 - Connection restablished
2026-02-27 14:40:26,186 [INFO] WebApp:194 - Connection lost
2026-02-27 14:40:26,556 [INFO] WebApp:191 - Connection restablished
2026-02-27 14:51:22,129 [INFO] WebApp:194 - Connection lost
2026-02-27 14:51:23,247 [INFO] WebApp:191 - Connection restablished
2026-02-27 14:54:45,174 [INFO] WebApp:194 - Connection lost
2026-02-27 14:54:47,845 [INFO] WebApp:191 - Connection restablished
2026-02-27 15:11:32,189 [INFO] WebApp:194 - Connection lost
2026-02-27 15:11:32,519 [INFO] WebApp:191 - Connection restablished
2026-02-27 15:32:05,994 [INFO] WebApp:194 - Connection lost
2026-02-27 15:32:06,650 [INFO] WebApp:191 - Connection restablished
2026-02-27 15:33:10,119 [INFO] WebApp:194 - Connection lost
2026-02-27 15:33:10,319 [INFO] WebApp:191 - Connection restablished
2026-02-27 15:33:22,959 [INFO] WebApp:194 - Connection lost
2026-02-27 15:33:23,239 [INFO] WebApp:191 - Connection restablished
2026-02-27 15:52:23,056 [INFO] WebApp:194 - Connection lost
2026-02-27 15:52:23,520 [INFO] WebApp:191 - Connection restablished
2026-02-27 16:08:17,093 [INFO] WebApp:194 - Connection lost
2026-02-27 16:08:17,320 [INFO] WebApp:191 - Connection restablished
2026-02-27 16:23:39,770 [INFO] WebApp:194 - Connection lost
2026-02-27 16:23:41,232 [INFO] WebApp:191 - Connection restablished
2026-02-27 16:40:34,080 [INFO] WebApp:194 - Connection lost
2026-02-27 16:40:34,473 [INFO] WebApp:191 - Connection restablished
2026-02-27 16:53:23,106 [INFO] WebApp:194 - Connection lost
2026-02-27 16:53:23,735 [INFO] WebApp:191 - Connection restablished
2026-02-27 17:09:23,241 [INFO] WebApp:194 - Connection lost
2026-02-27 17:09:24,508 [INFO] WebApp:191 - Connection restablished
2026-02-27 17:24:33,087 [INFO] WebApp:194 - Connection lost
2026-02-27 17:24:35,361 [INFO] WebApp:191 - Connection restablished
2026-02-27 17:39:59,123 [INFO] WebApp:194 - Connection lost
2026-02-27 17:40:00,556 [INFO] WebApp:191 - Connection restablished
2026-02-27 17:54:24,110 [INFO] WebApp:194 - Connection lost
2026-02-27 17:54:24,653 [INFO] WebApp:191 - Connection restablished
2026-02-27 18:11:56,067 [INFO] WebApp:194 - Connection lost
2026-02-27 18:11:56,695 [INFO] WebApp:191 - Connection restablished
2026-02-27 18:27:57,067 [INFO] WebApp:194 - Connection lost
2026-02-27 18:27:58,230 [INFO] WebApp:191 - Connection restablished
2026-02-27 18:45:20,158 [INFO] WebApp:194 - Connection lost
2026-02-27 18:45:21,372 [INFO] WebApp:191 - Connection restablished
2026-02-27 18:55:24,030 [INFO] WebApp:194 - Connection lost
2026-02-27 18:55:25,691 [INFO] WebApp:191 - Connection restablished
2026-02-27 19:11:12,019 [INFO] WebApp:194 - Connection lost
2026-02-27 19:11:12,597 [INFO] WebApp:191 - Connection restablished
2026-02-27 19:27:22,110 [INFO] WebApp:194 - Connection lost
2026-02-27 19:27:22,617 [INFO] WebApp:191 - Connection restablished
2026-02-27 19:44:40,076 [INFO] WebApp:194 - Connection lost
2026-02-27 19:44:41,286 [INFO] WebApp:191 - Connection restablished
2026-02-27 19:49:13,197 [INFO] WebApp:194 - Connection lost
2026-02-27 19:49:14,068 [INFO] WebApp:191 - Connection restablished
2026-02-27 20:14:02,127 [INFO] WebApp:194 - Connection lost
2026-02-27 20:14:02,855 [INFO] WebApp:191 - Connection restablished
2026-02-27 20:31:48,149 [INFO] WebApp:194 - Connection lost
2026-02-27 20:31:48,600 [INFO] WebApp:191 - Connection restablished
2026-02-27 20:45:57,029 [INFO] WebApp:194 - Connection lost
2026-02-27 20:45:59,518 [INFO] WebApp:191 - Connection restablished
2026-02-27 20:56:57,654 [INFO] WebApp:194 - Connection lost
2026-02-27 20:56:59,843 [INFO] WebApp:191 - Connection restablished
2026-02-27 21:14:45,117 [INFO] WebApp:194 - Connection lost
2026-02-27 21:14:46,816 [INFO] WebApp:191 - Connection restablished
2026-02-27 21:31:40,098 [INFO] WebApp:194 - Connection lost
2026-02-27 21:31:41,188 [INFO] WebApp:191 - Connection restablished
2026-02-27 21:36:05,805 [INFO] WebApp:194 - Connection lost
2026-02-27 21:36:09,002 [INFO] WebApp:191 - Connection restablished
2026-02-27 21:52:10,004 [INFO] WebApp:194 - Connection lost
2026-02-27 21:52:10,228 [INFO] WebApp:191 - Connection restablished
2026-02-27 21:57:57,982 [INFO] WebApp:194 - Connection lost
2026-02-27 21:57:58,319 [INFO] WebApp:191 - Connection restablished
2026-02-27 22:14:09,012 [INFO] WebApp:194 - Connection lost
2026-02-27 22:14:10,303 [INFO] WebApp:191 - Connection restablished
2026-02-27 22:29:34,091 [INFO] WebApp:194 - Connection lost
2026-02-27 22:29:35,373 [INFO] WebApp:191 - Connection restablished
2026-02-27 22:46:52,086 [INFO] WebApp:194 - Connection lost
2026-02-27 22:46:54,770 [INFO] WebApp:191 - Connection restablished
2026-02-27 22:58:58,120 [INFO] WebApp:194 - Connection lost
2026-02-27 22:58:58,461 [INFO] WebApp:191 - Connection restablished
2026-02-27 23:07:45,997 [INFO] WebApp:194 - Connection lost
2026-02-27 23:07:46,896 [INFO] WebApp:191 - Connection restablished
2026-02-27 23:24:32,042 [INFO] WebApp:194 - Connection lost
2026-02-27 23:24:33,924 [INFO] WebApp:191 - Connection restablished
2026-02-27 23:41:57,112 [INFO] WebApp:194 - Connection lost
2026-02-27 23:41:57,837 [INFO] WebApp:191 - Connection restablished
2026-02-27 23:57:23,014 [INFO] WebApp:194 - Connection lost
2026-02-27 23:57:26,073 [INFO] WebApp:191 - Connection restablished
2026-02-27 23:59:58,009 [INFO] WebApp:194 - Connection lost
2026-02-27 23:59:59,482 [INFO] WebApp:191 - Connection restablished
