2026-02-24 09:24:13,421 [INFO] Activator:176 - 


2026-02-24 09:24:13,424 [INFO] Activator:177 - !SESSION log4j initialized
2026-02-24 09:24:17,536 [INFO] LogOutputStream:77 - [STDOUT_REDIRECT] 
2026-02-24 09:24:17,778 [ERROR] LogOutputStream:75 - [STDERR_REDIRECT] 
2026-02-24 09:24:19,678 [INFO] LogOutputStream:77 - [STDOUT_REDIRECT] 
2026-02-24 09:24:20,416 [INFO] ApplicationProperties:184 - Using Application install path: /Applications/STM32CubeIDE.app/Contents/Eclipse/plugins/com.st.stm32cube.common.mx_6.15.0.202507011659
2026-02-24 09:24:20,427 [INFO] DbMcusXml:78 - Set database path to: /Applications/STM32CubeIDE.app/Contents/Eclipse/plugins/com.st.stm32cube.common.mx_6.15.0.202507011659//db//mcu/
2026-02-24 09:24:20,428 [INFO] ApiDb:274 - Set plugin database path to: /Applications/STM32CubeIDE.app/Contents/Eclipse/plugins/com.st.stm32cube.common.mx_6.15.0.202507011659//db//plugins/boardmanager/
2026-02-24 09:24:20,428 [WARN] ApiDb:259 - Overriding images path with different value:  => /Applications/STM32CubeIDE.app/Contents/Eclipse/plugins/com.st.stm32cube.common.mx_6.15.0.202507011659//db//plugins/mcufinder/images/
2026-02-24 09:24:20,432 [INFO] ApiDb:250 - Set database path to: /Users/amanda/.stmcufinder/plugins/mcufinder//mcu/
2026-02-24 09:24:20,433 [INFO] DbMcusAds:125 - Set database path to: /Users/amanda/.stmcufinder/plugins/mcufinder//mcu/
2026-02-24 09:24:20,435 [INFO] CrossReferenceDbSqlite:203 - Set database path to: /Users/amanda/.stmcufinder/plugins/mcufinder//mcu/cs/
2026-02-24 09:24:20,547 [INFO] RulesReader:64 - Compatibility file has been processed (317 Rules)
2026-02-24 09:24:20,587 [INFO] DbMcusXml:78 - Set database path to: /Applications/STM32CubeIDE.app/Contents/Eclipse/plugins/com.st.stm32cube.common.mx_6.15.0.202507011659//db//mcu/
2026-02-24 09:24:20,587 [INFO] ApiDb:274 - Set plugin database path to: /Applications/STM32CubeIDE.app/Contents/Eclipse/plugins/com.st.stm32cube.common.mx_6.15.0.202507011659//db//plugins/boardmanager/
2026-02-24 09:24:20,588 [INFO] ApiDb:261 - Set plugin images path to: /Applications/STM32CubeIDE.app/Contents/Eclipse/plugins/com.st.stm32cube.common.mx_6.15.0.202507011659//db//plugins/mcufinder/images/
2026-02-24 09:24:20,588 [WARN] DbFile:41 - Overriding database path with different value: /Users/amanda/.stmcufinder/plugins/mcufinder/ => /Users/amanda/.stmcufinder/plugins/mcufinder
2026-02-24 09:24:20,588 [INFO] ApiDb:250 - Set database path to: /Users/amanda/.stmcufinder/plugins/mcufinder//mcu/
2026-02-24 09:24:20,588 [WARN] DbFile:41 - Overriding database path with different value: /Users/amanda/.stmcufinder/plugins/mcufinder/ => /Users/amanda/.stmcufinder/plugins/mcufinder
2026-02-24 09:24:20,588 [INFO] DbMcusAds:125 - Set database path to: /Users/amanda/.stmcufinder/plugins/mcufinder//mcu/
2026-02-24 09:24:20,588 [WARN] DbFile:41 - Overriding database path with different value: /Users/amanda/.stmcufinder/plugins/mcufinder/ => /Users/amanda/.stmcufinder/plugins/mcufinder
2026-02-24 09:24:20,588 [WARN] DbFile:41 - Overriding database path with different value: /Users/amanda/.stmcufinder/plugins/mcufinder/ => /Users/amanda/.stmcufinder/plugins/mcufinder
2026-02-24 09:24:20,588 [INFO] CrossReferenceDbSqlite:203 - Set database path to: /Users/amanda/.stmcufinder/plugins/mcufinder//mcu/cs/
2026-02-24 09:24:20,639 [INFO] MainPanel:274 - HeapMemory: 268435456
2026-02-24 09:24:20,911 [INFO] DbMcusXml:78 - Set database path to: /Applications/STM32CubeIDE.app/Contents/Eclipse/plugins/com.st.stm32cube.common.mx_6.15.0.202507011659//db//mcu/
2026-02-24 09:24:20,911 [INFO] ApiDb:274 - Set plugin database path to: /Applications/STM32CubeIDE.app/Contents/Eclipse/plugins/com.st.stm32cube.common.mx_6.15.0.202507011659//db//plugins/boardmanager/
2026-02-24 09:24:20,911 [INFO] ApiDb:261 - Set plugin images path to: /Applications/STM32CubeIDE.app/Contents/Eclipse/plugins/com.st.stm32cube.common.mx_6.15.0.202507011659//db//plugins/mcufinder/images/
2026-02-24 09:24:20,911 [WARN] DbFile:41 - Overriding database path with different value: /Users/amanda/.stmcufinder/plugins/mcufinder/ => /Users/amanda/.stmcufinder/plugins/mcufinder
2026-02-24 09:24:20,911 [INFO] ApiDb:250 - Set database path to: /Users/amanda/.stmcufinder/plugins/mcufinder//mcu/
2026-02-24 09:24:20,911 [WARN] DbFile:41 - Overriding database path with different value: /Users/amanda/.stmcufinder/plugins/mcufinder/ => /Users/amanda/.stmcufinder/plugins/mcufinder
2026-02-24 09:24:20,911 [INFO] DbMcusAds:125 - Set database path to: /Users/amanda/.stmcufinder/plugins/mcufinder//mcu/
2026-02-24 09:24:20,911 [WARN] DbFile:41 - Overriding database path with different value: /Users/amanda/.stmcufinder/plugins/mcufinder/ => /Users/amanda/.stmcufinder/plugins/mcufinder
2026-02-24 09:24:20,911 [WARN] DbFile:41 - Overriding database path with different value: /Users/amanda/.stmcufinder/plugins/mcufinder/ => /Users/amanda/.stmcufinder/plugins/mcufinder
2026-02-24 09:24:20,911 [INFO] CrossReferenceDbSqlite:203 - Set database path to: /Users/amanda/.stmcufinder/plugins/mcufinder//mcu/cs/
2026-02-24 09:24:20,922 [INFO] ApplicationProperties:184 - Using Application install path: /Applications/STM32CubeIDE.app/Contents/Eclipse/plugins/com.st.stm32cube.common.mx_6.15.0.202507011659
2026-02-24 09:24:20,924 [INFO] PluginManage:196 - Search for loadable plugins [exclusion list=, ]
2026-02-24 09:24:20,925 [INFO] PluginManage:310 - Check plugin analytics
2026-02-24 09:24:21,091 [INFO] AnalyticsPlugin:253 - Accepted Software Licenses: 
2026-02-24 09:24:21,091 [INFO] AnalyticsPlugin:255 - Accepted CMSIS Pack Licenses: 
2026-02-24 09:24:21,091 [INFO] AnalyticsPlugin:257 - Accepted Firmware Licenses: 
2026-02-24 09:24:21,095 [INFO] PluginManage:359 - Loaded plugin analytics (category:tool,tabindex:-1)
2026-02-24 09:24:21,096 [INFO] PluginManage:310 - Check plugin cadmodel
2026-02-24 09:24:21,108 [INFO] CADModel:105 - Init CAD model plugin
2026-02-24 09:24:21,108 [INFO] PluginManage:359 - Loaded plugin cadmodel (category:power,tabindex:5)
2026-02-24 09:24:21,108 [INFO] PluginManage:310 - Check plugin clock
2026-02-24 09:24:21,116 [INFO] PluginManage:359 - Loaded plugin clock (category:base,tabindex:2)
2026-02-24 09:24:21,116 [INFO] PluginManage:310 - Check plugin ddr
2026-02-24 09:24:21,118 [INFO] PluginManage:359 - Loaded plugin ddr (category:tool,tabindex:6)
2026-02-24 09:24:21,119 [INFO] PluginManage:310 - Check plugin filemanager
2026-02-24 09:24:21,234 [INFO] PluginManage:359 - Loaded plugin filemanager (category:base,tabindex:10)
2026-02-24 09:24:21,234 [INFO] PluginManage:310 - Check plugin ipmanager
2026-02-24 09:24:21,240 [INFO] PluginManage:359 - Loaded plugin ipmanager (category:base,tabindex:5)
2026-02-24 09:24:21,240 [INFO] PluginManage:310 - Check plugin lpbam
2026-02-24 09:24:21,248 [INFO] PluginManage:359 - Loaded plugin lpbam (category:base,tabindex:0)
2026-02-24 09:24:21,248 [INFO] PluginManage:310 - Check plugin memorymap
2026-02-24 09:24:21,254 [INFO] PluginManage:359 - Loaded plugin memorymap (category:base,tabindex:4)
2026-02-24 09:24:21,254 [INFO] PluginManage:310 - Check plugin pinoutandconfiguration
2026-02-24 09:24:21,259 [INFO] PluginManage:359 - Loaded plugin pinoutandconfiguration (category:base,tabindex:1)
2026-02-24 09:24:21,259 [INFO] PluginManage:310 - Check plugin pinoutconfig
2026-02-24 09:24:21,326 [WARN] SupportedApi:132 - Cannot load RTOS API schema: s4s-elt-must-match.1: The content of 'definitions' must match (annotation?, (simpleType | complexType)?, (unique | key | keyref)*)). A problem was found starting at: attribute.
2026-02-24 09:24:21,455 [INFO] PluginManage:359 - Loaded plugin pinoutconfig (category:base,tabindex:0)
2026-02-24 09:24:21,456 [INFO] PluginManage:310 - Check plugin power
2026-02-24 09:24:21,463 [INFO] PluginManage:359 - Loaded plugin power (category:power,tabindex:4)
2026-02-24 09:24:21,463 [INFO] PluginManage:310 - Check plugin projectmanager
2026-02-24 09:24:21,483 [INFO] PluginManage:359 - Loaded plugin projectmanager (category:projectmanager,tabindex:4)
2026-02-24 09:24:21,483 [INFO] PluginManage:310 - Check plugin rif
2026-02-24 09:24:21,490 [INFO] PluginManage:359 - Loaded plugin rif (category:base,tabindex:3)
2026-02-24 09:24:21,491 [INFO] PluginManage:310 - Check plugin thirdparty
2026-02-24 09:24:21,623 [INFO] PluginManage:359 - Loaded plugin thirdparty (category:base,tabindex:-1)
2026-02-24 09:24:21,623 [WARN] IntegrityCheckThread:84 - waiting for thirdparty lock release [integrity check]
2026-02-24 09:24:21,623 [INFO] PluginManage:310 - Check plugin tools
2026-02-24 09:24:21,623 [INFO] IntegrityCheckThread:86 - entering critical section [integrity check]
2026-02-24 09:24:21,624 [INFO] ThirdPartyUpdaterWithRetryManager:70 - Updater plugin not ready yet. [1/15]
2026-02-24 09:24:21,625 [INFO] PluginManage:359 - Loaded plugin tools (category:base,tabindex:7)
2026-02-24 09:24:21,625 [INFO] PluginManage:310 - Check plugin tutovideos
2026-02-24 09:24:21,755 [INFO] PluginManage:359 - Loaded plugin tutovideos (category:base,tabindex:-1)
2026-02-24 09:24:21,755 [INFO] PluginManage:310 - Check plugin updater
2026-02-24 09:24:21,775 [INFO] PluginManage:359 - Loaded plugin updater (category:base,tabindex:12)
2026-02-24 09:24:21,775 [INFO] PluginManage:310 - Check plugin userauth
2026-02-24 09:24:21,778 [INFO] UserAuth:118 - Init User Auth plugin
2026-02-24 09:24:21,779 [INFO] PluginManage:359 - Loaded plugin userauth (category:base,tabindex:14)
2026-02-24 09:24:21,780 [INFO] PluginManage:283 - PluginManage : Loaded plugins [18]
2026-02-24 09:24:21,938 [INFO] PinOutPanel:1589 - setPackage(No Configuration,No Configuration)
2026-02-24 09:24:21,994 [INFO] CADModel:165 - CPN selected for project level
2026-02-24 09:24:21,994 [INFO] CADModel:114 - Register for checkConnection events
2026-02-24 09:24:22,002 [INFO] IPUIPlugin:80 - create IPUIPlugin
2026-02-24 09:24:22,003 [INFO] PluginManager:220 - loadIPPluginJar : add mdma
2026-02-24 09:24:22,006 [INFO] IPUIPlugin:80 - create IPUIPlugin
2026-02-24 09:24:22,007 [INFO] PluginManager:220 - loadIPPluginJar : add freertos
2026-02-24 09:24:22,009 [INFO] IPUIPlugin:80 - create IPUIPlugin
2026-02-24 09:24:22,009 [INFO] PluginManager:220 - loadIPPluginJar : add gic
2026-02-24 09:24:22,014 [INFO] IPUIPlugin:80 - create IPUIPlugin
2026-02-24 09:24:22,014 [INFO] PluginManager:220 - loadIPPluginJar : add adc
2026-02-24 09:24:22,015 [INFO] IPUIPlugin:80 - create IPUIPlugin
2026-02-24 09:24:22,015 [INFO] PluginManager:220 - loadIPPluginJar : add gtzc
2026-02-24 09:24:22,016 [INFO] IPUIPlugin:80 - create IPUIPlugin
2026-02-24 09:24:22,016 [INFO] PluginManager:220 - loadIPPluginJar : add quadspi
2026-02-24 09:24:22,017 [INFO] IPUIPlugin:80 - create IPUIPlugin
2026-02-24 09:24:22,017 [INFO] PluginManager:220 - loadIPPluginJar : add aes
2026-02-24 09:24:22,018 [INFO] IPUIPlugin:80 - create IPUIPlugin
2026-02-24 09:24:22,018 [INFO] PluginManager:220 - loadIPPluginJar : add pdm2pcm
2026-02-24 09:24:22,018 [INFO] IPUIPlugin:80 - create IPUIPlugin
2026-02-24 09:24:22,018 [INFO] PluginManager:220 - loadIPPluginJar : add hash
2026-02-24 09:24:22,019 [INFO] IPUIPlugin:80 - create IPUIPlugin
2026-02-24 09:24:22,019 [INFO] PluginManager:220 - loadIPPluginJar : add tim
2026-02-24 09:24:22,020 [INFO] IPUIPlugin:80 - create IPUIPlugin
2026-02-24 09:24:22,020 [INFO] PluginManager:220 - loadIPPluginJar : add tsc
2026-02-24 09:24:22,021 [INFO] IPUIPlugin:80 - create IPUIPlugin
2026-02-24 09:24:22,022 [INFO] PluginManager:220 - loadIPPluginJar : add extmemmanager
2026-02-24 09:24:22,023 [INFO] IPUIPlugin:80 - create IPUIPlugin
2026-02-24 09:24:22,023 [INFO] PluginManager:220 - loadIPPluginJar : add ts
2026-02-24 09:24:22,024 [INFO] IPUIPlugin:80 - create IPUIPlugin
2026-02-24 09:24:22,024 [INFO] PluginManager:220 - loadIPPluginJar : add radio
2026-02-24 09:24:22,025 [INFO] IPUIPlugin:80 - create IPUIPlugin
2026-02-24 09:24:22,025 [INFO] PluginManager:220 - loadIPPluginJar : add can
2026-02-24 09:24:22,026 [INFO] IPUIPlugin:80 - create IPUIPlugin
2026-02-24 09:24:22,026 [INFO] PluginManager:220 - loadIPPluginJar : add dma3
2026-02-24 09:24:22,026 [INFO] IPUIPlugin:80 - create IPUIPlugin
2026-02-24 09:24:22,026 [INFO] PluginManager:220 - loadIPPluginJar : add dfsdm
2026-02-24 09:24:22,027 [INFO] IPUIPlugin:80 - create IPUIPlugin
2026-02-24 09:24:22,027 [INFO] PluginManager:220 - loadIPPluginJar : add spi
2026-02-24 09:24:22,028 [INFO] IPUIPlugin:80 - create IPUIPlugin
2026-02-24 09:24:22,028 [INFO] PluginManager:220 - loadIPPluginJar : add gfxmmu
2026-02-24 09:24:22,029 [INFO] IPUIPlugin:80 - create IPUIPlugin
2026-02-24 09:24:22,029 [INFO] PluginManager:220 - loadIPPluginJar : add genericplugin
2026-02-24 09:24:22,030 [INFO] IPUIPlugin:80 - create IPUIPlugin
2026-02-24 09:24:22,031 [INFO] PluginManager:220 - loadIPPluginJar : add cryp
2026-02-24 09:24:22,033 [INFO] IPUIPlugin:80 - create IPUIPlugin
2026-02-24 09:24:22,033 [INFO] PluginManager:220 - loadIPPluginJar : add gpio
2026-02-24 09:24:22,034 [INFO] IPUIPlugin:80 - create IPUIPlugin
2026-02-24 09:24:22,034 [INFO] PluginManager:220 - loadIPPluginJar : add ddr_ctrl_phy
2026-02-24 09:24:22,035 [INFO] IPUIPlugin:80 - create IPUIPlugin
2026-02-24 09:24:22,035 [INFO] PluginManager:220 - loadIPPluginJar : add comp
2026-02-24 09:24:22,037 [INFO] IPUIPlugin:80 - create IPUIPlugin
2026-02-24 09:24:22,037 [INFO] PluginManager:220 - loadIPPluginJar : add tracer_emb
2026-02-24 09:24:22,039 [INFO] IPUIPlugin:80 - create IPUIPlugin
2026-02-24 09:24:22,039 [INFO] PluginManager:220 - loadIPPluginJar : add openamp
2026-02-24 09:24:22,041 [INFO] IPUIPlugin:80 - create IPUIPlugin
2026-02-24 09:24:22,041 [INFO] PluginManager:220 - loadIPPluginJar : add stm32_wpan
2026-02-24 09:24:22,044 [INFO] IPUIPlugin:80 - create IPUIPlugin
2026-02-24 09:24:22,045 [INFO] PluginManager:220 - loadIPPluginJar : add plateformsettings
2026-02-24 09:24:22,047 [INFO] IPUIPlugin:80 - create IPUIPlugin
2026-02-24 09:24:22,047 [INFO] PluginManager:220 - loadIPPluginJar : add ipddr
2026-02-24 09:24:22,048 [INFO] IPUIPlugin:80 - create IPUIPlugin
2026-02-24 09:24:22,048 [INFO] PluginManager:220 - loadIPPluginJar : add usart
2026-02-24 09:24:22,048 [INFO] IPUIPlugin:80 - create IPUIPlugin
2026-02-24 09:24:22,048 [INFO] PluginManager:220 - loadIPPluginJar : add ltdc
2026-02-24 09:24:22,050 [INFO] IPUIPlugin:80 - create IPUIPlugin
2026-02-24 09:24:22,050 [INFO] PluginManager:220 - loadIPPluginJar : add nvic
2026-02-24 09:24:22,050 [INFO] IPUIPlugin:80 - create IPUIPlugin
2026-02-24 09:24:22,050 [INFO] PluginManager:220 - loadIPPluginJar : add fatfs
2026-02-24 09:24:22,055 [INFO] IPUIPlugin:80 - create IPUIPlugin
2026-02-24 09:24:22,055 [INFO] PluginManager:220 - loadIPPluginJar : add linkedlist
2026-02-24 09:24:22,058 [INFO] IPUIPlugin:80 - create IPUIPlugin
2026-02-24 09:24:22,058 [INFO] PluginManager:220 - loadIPPluginJar : add dma
2026-02-24 09:24:22,060 [INFO] IPUIPlugin:80 - create IPUIPlugin
2026-02-24 09:24:22,060 [INFO] PluginManager:220 - loadIPPluginJar : add fmc
2026-02-24 09:24:22,062 [INFO] IPUIPlugin:80 - create IPUIPlugin
2026-02-24 09:24:22,062 [INFO] PluginManager:220 - loadIPPluginJar : add i2s
2026-02-24 09:24:22,063 [INFO] IPUIPlugin:80 - create IPUIPlugin
2026-02-24 09:24:22,063 [INFO] PluginManager:220 - loadIPPluginJar : add ucpd
2026-02-24 09:24:22,064 [INFO] IPUIPlugin:80 - create IPUIPlugin
2026-02-24 09:24:22,064 [INFO] PluginManager:220 - loadIPPluginJar : add lorawan
2026-02-24 09:24:22,065 [INFO] IPUIPlugin:80 - create IPUIPlugin
2026-02-24 09:24:22,065 [INFO] PluginManager:220 - loadIPPluginJar : add opamp
2026-02-24 09:24:22,066 [INFO] IPUIPlugin:80 - create IPUIPlugin
2026-02-24 09:24:22,066 [INFO] PluginManager:220 - loadIPPluginJar : add i3c
2026-02-24 09:24:22,067 [INFO] IPUIPlugin:80 - create IPUIPlugin
2026-02-24 09:24:22,068 [INFO] PluginManager:220 - loadIPPluginJar : add touchsensing
2026-02-24 09:24:22,069 [INFO] IPUIPlugin:80 - create IPUIPlugin
2026-02-24 09:24:22,069 [INFO] PluginManager:220 - loadIPPluginJar : add i2c
2026-02-24 09:24:22,071 [INFO] IPUIPlugin:80 - create IPUIPlugin
2026-02-24 09:24:22,071 [INFO] PluginManager:220 - loadIPPluginJar : add resmgrutility
2026-02-24 09:24:22,072 [INFO] IPUIPlugin:80 - create IPUIPlugin
2026-02-24 09:24:22,072 [INFO] PluginManager:220 - loadIPPluginJar : add sai
2026-02-24 09:24:22,074 [INFO] IPUIPlugin:80 - create IPUIPlugin
2026-02-24 09:24:22,074 [INFO] PluginManager:220 - loadIPPluginJar : add usbx
2026-02-24 09:24:22,178 [FATAL] Updater:351 - Updater called before beeing initialized
2026-02-24 09:24:22,217 [INFO] RulesReader:64 - Compatibility file has been processed (317 Rules)
2026-02-24 09:24:22,225 [INFO] RulesReader:64 - Compatibility file has been processed (317 Rules)
2026-02-24 09:24:22,233 [INFO] CADModel:165 - CPN selected for project level
2026-02-24 09:24:22,233 [INFO] CADModel:114 - Register for checkConnection events
2026-02-24 09:24:22,233 [FATAL] Updater:351 - Updater called before beeing initialized
2026-02-24 09:24:22,233 [ERROR] CADModel:125 - Updater not yet initialized, retry later 
2026-02-24 09:24:22,400 [FATAL] Updater:351 - Updater called before beeing initialized
2026-02-24 09:24:22,402 [INFO] CADModel:165 - CPN selected for project level
2026-02-24 09:24:22,402 [INFO] CADModel:114 - Register for checkConnection events
2026-02-24 09:24:22,402 [FATAL] Updater:351 - Updater called before beeing initialized
2026-02-24 09:24:22,402 [ERROR] CADModel:125 - Updater not yet initialized, retry later 
2026-02-24 09:24:22,404 [FATAL] Updater:351 - Updater called before beeing initialized
2026-02-24 09:24:22,518 [FATAL] Updater:351 - Updater called before beeing initialized
2026-02-24 09:24:22,521 [INFO] DbMcusAds:53 - JSON generation date=Thu Sep 30 08:55:09 CEST 2021 (1632984909247)
2026-02-24 09:24:22,522 [FATAL] Updater:351 - Updater called before beeing initialized
2026-02-24 09:24:22,564 [WARN] DetailPanel:346 - Failed to get advertising image, set to default
2026-02-24 09:24:22,611 [FATAL] Updater:351 - Updater called before beeing initialized
2026-02-24 09:24:22,613 [FATAL] Updater:351 - Updater called before beeing initialized
2026-02-24 09:24:22,614 [FATAL] Updater:351 - Updater called before beeing initialized
2026-02-24 09:24:22,614 [WARN] DetailPanel:346 - Failed to get advertising image, set to default
2026-02-24 09:24:22,615 [FATAL] Updater:351 - Updater called before beeing initialized
2026-02-24 09:24:22,657 [ERROR] Updater:1198 - MainUpdater not yet initialized. External WinMGr cannot be set.
2026-02-24 09:24:22,660 [INFO] Updater:1134 - Updater Version found : 6.15.0
2026-02-24 09:24:22,672 [INFO] ApplicationProperties:184 - Using Application install path: /Applications/STM32CubeIDE.app/Contents/Eclipse/plugins/com.st.stm32cube.common.mx_6.15.0.202507011659
2026-02-24 09:24:22,896 [INFO] MainUpdater:2872 - connection check result : 10
2026-02-24 09:24:22,897 [INFO] MainUpdater:289 - Updater Check For Update Now.
2026-02-24 09:24:22,897 [INFO] MicroXplorer:498 - Change Database Version : DB.6.0.150
2026-02-24 09:24:22,901 [INFO] McuFinderGlobals:63 - Set McuFinder mode to 2 (CubeIDE integrated)
2026-02-24 09:24:22,902 [INFO] UserAuth:487 - Internet connection configuration mode: 1
2026-02-24 09:24:22,916 [INFO] JxBrowserEngine:152 - Initiate JxBrowser Engine with user profile folder
2026-02-24 09:24:23,119 [INFO] CheckServerUpdateThread:120 - End of CheckServer Thread
2026-02-24 09:24:24,787 [WARN] PackLoader:240 - Cannot read IP mode file for STMicroelectronics.FP-ATR-ASTRA1.2.0.2
2026-02-24 09:24:24,820 [WARN] PackLoader:240 - Cannot read IP mode file for STMicroelectronics.FP-SNS-SMARTAG2.1.2.0
2026-02-24 09:24:24,827 [WARN] PackLoader:240 - Cannot read IP mode file for STMicroelectronics.FP-SNS-FLIGHT1.5.1.0
2026-02-24 09:24:24,844 [WARN] PackLoader:240 - Cannot read IP mode file for STMicroelectronics.X-CUBE-BLE2.3.3.0
2026-02-24 09:24:24,850 [WARN] PackLoader:240 - Cannot read IP mode file for STMicroelectronics.X-CUBE-BLE1.7.1.0
2026-02-24 09:24:24,857 [WARN] PackLoader:240 - Cannot read IP mode file for STMicroelectronics.FP-ATR-SIGFOX1.3.2.0
2026-02-24 09:24:24,874 [WARN] PackLoader:240 - Cannot read IP mode file for STMicroelectronics.X-CUBE-ALS.1.0.2
2026-02-24 09:24:24,884 [INFO] ThirdParty:978 - Integrity check success = true
2026-02-24 09:24:24,884 [INFO] IntegrityCheckThread:100 - exiting critical section [integrity check]
2026-02-24 09:24:24,884 [INFO] IntegrityCheckThread:103 - End integrity checks thread
2026-02-24 09:24:27,874 [INFO] WebApp:169 - Instantiating new browser for Auth
2026-02-24 09:24:29,038 [INFO] WebApp:463 - Apply proxy settings
2026-02-24 09:24:29,043 [INFO] WebApp:508 - Chromium authenticates against Manually configured proxy
2026-02-24 09:24:29,054 [INFO] WebApp:516 - Username used for proxy authentication: 
2026-02-24 09:24:29,090 [INFO] WebApp:900 - Register for checkConnection events
2026-02-24 09:24:29,091 [INFO] WebApp:463 - Apply proxy settings
2026-02-24 09:24:29,093 [INFO] WebApp:508 - Chromium authenticates against Manually configured proxy
2026-02-24 09:24:29,093 [INFO] WebApp:516 - Username used for proxy authentication: 
2026-02-24 09:24:29,219 [INFO] WebApp:225 - Starting web application
2026-02-24 09:24:29,219 [INFO] WebApp:593 - Web application path used /Applications/STM32CubeIDE.app/Contents/Eclipse/plugins/com.st.stm32cube.common.mx_6.15.0.202507011659/db/plugins/mcufinder/reactClient1/index.html
2026-02-24 09:24:29,609 [INFO] WebApp:191 - Connection restablished
2026-02-24 09:24:29,761 [INFO] UserAuth:487 - Internet connection configuration mode: 1
2026-02-24 10:00:24,789 [INFO] WebApp:194 - Connection lost
2026-02-24 10:00:27,796 [INFO] WebApp:191 - Connection restablished
2026-02-24 10:04:21,362 [INFO] WebApp:194 - Connection lost
2026-02-24 10:04:25,685 [INFO] WebApp:191 - Connection restablished
2026-02-24 10:08:06,848 [INFO] WebApp:194 - Connection lost
2026-02-24 10:08:09,120 [INFO] WebApp:191 - Connection restablished
2026-02-24 10:08:38,857 [INFO] WebApp:194 - Connection lost
2026-02-24 10:08:43,194 [INFO] WebApp:191 - Connection restablished
2026-02-24 10:13:44,210 [INFO] WebApp:194 - Connection lost
2026-02-24 10:13:48,266 [INFO] WebApp:191 - Connection restablished
2026-02-24 10:14:57,815 [INFO] WebApp:194 - Connection lost
2026-02-24 10:15:02,014 [INFO] WebApp:191 - Connection restablished
2026-02-24 10:15:34,493 [INFO] WebApp:194 - Connection lost
2026-02-24 10:15:38,812 [INFO] WebApp:191 - Connection restablished
